// Jest Snapshot v1, https://goo.gl/fbAQLP

exports[`App Component should match snapshot 1`] = `
<div
  className="dashboard myCard col-2"
>
  <h3>
     Dashboard
  </h3>
  <p
    className="active"
  >
    <a
      href="/admin/"
    >
      Products
    </a>
  </p>
  <hr />
  <p
    className="active"
  >
    <a
      href="/admin/sales"
    >
      Sales Records
    </a>
  </p>
  <hr />
  <p
    className="active"
  >
    <a
      href="/admin/users"
    >
      Users
    </a>
  </p>
</div>
`;
