// Jest Snapshot v1, https://goo.gl/fbAQLP

exports[`App Component should match snapshot 1`] = `
<footer
  className="col-12"
  id="footer"
>
  <p>
    Copyright Â© 2018 Store managers Design. All rights reserved.
  </p>
</footer>
`;
